=== Endpoint Testing ===

[TEST 1] Health Check: PASS
[TEST 2] Login: PASS
[TEST 3] Groups Endpoint Status: 200
[TEST 3] Groups Response: [{"id":"033e86305e1a498143a4adb63138788e","name":"Admin","description":"Mini ERP Tool access management.","permissions":[],"created_at":"2026-03-02 16:29:38"}]
[TEST 3] User is Admin: YES
[TEST 3] Groups Endpoint: PASS

=== Tests Complete ===
